// Jest Snapshot v1, https://goo.gl/fbAQLP

exports[`loads 1`] = `
<form
  className="form"
  onSubmit={[Function]}
>
  <div
    className="inputGroup"
  >
    <div>
      <label
        className="label"
      >
        Name
         
        <span
          className="errorMsg"
        >
          *
        </span>
      </label>
      <div>
        <input
          className="field"
          name="name"
          onBlur={[Function]}
          onChange={[Function]}
          onDragStart={[Function]}
          onDrop={[Function]}
          onFocus={[Function]}
          type="text"
          value=""
        />
      </div>
    </div>
  </div>
  <div
    className="inputGroup"
  >
    <div>
      <label
        className="label"
      >
        Description
         
        <span
          className="errorMsg"
        >
          *
        </span>
      </label>
      <div>
        <input
          className="field"
          name="description"
          onBlur={[Function]}
          onChange={[Function]}
          onDragStart={[Function]}
          onDrop={[Function]}
          onFocus={[Function]}
          type="text"
          value=""
        />
      </div>
    </div>
  </div>
  <div
    className="inputGroup"
  >
    <div>
      <label
        className="label"
      >
        Location
         
        <span
          className="errorMsg"
        >
          *
        </span>
      </label>
      <div>
        <input
          className="field"
          name="location"
          onBlur={[Function]}
          onChange={[Function]}
          onDragStart={[Function]}
          onDrop={[Function]}
          onFocus={[Function]}
          type="text"
          value=""
        />
      </div>
    </div>
  </div>
  <div
    className="inputGroup"
  >
    <div>
      <label
        className="label"
      >
        Website
         
        <span
          className="errorMsg"
        >
          *
        </span>
      </label>
      <div>
        <input
          className="field"
          name="website"
          onBlur={[Function]}
          onChange={[Function]}
          onDragStart={[Function]}
          onDrop={[Function]}
          onFocus={[Function]}
          type="text"
          value=""
        />
      </div>
    </div>
  </div>
  <div
    className="inputGroup"
  >
    <button
      className="btn primary"
      disabled={undefined}
      type="submit"
    >
      Save
    </button>
  </div>
</form>
`;
